Microchip MPLAB XC8 Compiler V1.41 ()

Linker command line:

-W-3 --edf=C:\Program Files (x86)\Microchip\xc8\v1.41\dat\en_msgs.txt -cs \
  -h+dist/default/production\SemaphoreTest.X.production.sym \
  --cmf=dist/default/production\SemaphoreTest.X.production.cmf -z -Q18F4550 \
  -oC:\Users\Mizate\AppData\Local\Temp\s5ls.2 \
  -Mdist/default/production/SemaphoreTest.X.production.map -E1 -ver=XC8 \
  -ASTACK=075h-07ffh -pstack=STACK -ACODE=00h-07FFFh -ACONST=00h-07FFFh \
  -ASMALLCONST=0800h-08FFhx120 -AMEDIUMCONST=0800h-07FFFh -ACOMRAM=01h-05Fh \
  -AABS1=00h-07FFh -ABIGRAM=01h-07FFh -ARAM=060h-0FFh,0100h-01FFhx7 \
  -ABANK0=060h-0FFh -ABANK1=0100h-01FFh -ABANK2=0200h-02FFh \
  -ABANK3=0300h-03FFh -ABANK4=0400h-04FFh -ABANK5=0500h-05FFh \
  -ABANK6=0600h-06FFh -ABANK7=0700h-07FFh -ASFR=0F60h-0FFFh \
  -preset_vec=00h,intcode,intcodelo=018h,powerup,init -pramtop=0800h \
  -psmallconst=SMALLCONST -pmediumconst=MEDIUMCONST -pconst=CONST \
  -AFARRAM=00h-00h -ACONFIG=0300000h-030000Dh -pconfig=CONFIG \
  -AIDLOC=0200000h-0200007h -pidloc=IDLOC -AEEDATA=0F00000h-0F000FFh \
  -peeprom_data=EEDATA \
  -prdata=COMRAM,nvrram=COMRAM,nvbit=COMRAM,rbss=COMRAM,rbit=COMRAM \
  -pfarbss=FARRAM,fardata=FARRAM,nvFARRAM=FARRAM \
  -pintsave_regs=BIGRAM,bigbss=BIGRAM,bigdata=BIGRAM -pbss=RAM \
  -pidata=CODE,irdata=CODE,ibigdata=CODE,ifardata=CODE -prparam=COMRAM \
  C:\Users\Mizate\AppData\Local\Temp\s5ls.obj \
  dist/default/production\SemaphoreTest.X.production.obj 

Object code version is 3.11

Machine type is 18F4550

Call graph: (short form)




                Name                               Link     Load   Length Selector   Space Scale
C:\Users\Mizate\AppData\Local\Temp\s5ls.obj
                init                                 CE       CE        4        C       0
                reset_vec                             0        0        4        0       0
                idloc                            200000   200000        8   200000       0
                config                           300000   300000        E   300000       0
dist/default/production\SemaphoreTest.X.production.obj
                intcodelo                            18       18       B6        C       0
                temp                                 49       49        1        1       1
                smallconst                          800      800       BA      400       0
                text22                             1540     1540       70      45D       0
                text20                             183E     183E       10      45D       0
                text19                             1864     1864        8      45D       0
                text18                             1602     1602       52      45D       0
                text17                             1712     1712       3A      45D       0
                text16                             16D4     16D4       3E      45D       0
                text15                             174C     174C       2E      45D       0
                text14                             15B0     15B0       52      45D       0
                text13                             1654     1654       42      45D       0
                text12                             177A     177A       26      45D       0
                text11                             17E0     17E0       1E      45D       0
                text10                              8BA      8BA      A12      45D       0
                text9                              12CC     12CC      118      45D       0
                text8                              17A0     17A0       22      45D       0
                text7                              184E     184E        E      45D       0
                text6                              1818     1818       16      45D       0
                text5                              182E     182E       10      45D       0
                text4                              185C     185C        8      45D       0
                text3                              1696     1696       3E      45D       0
                text2                              149C     149C       A4      45D       0
                text1                              17C2     17C2       1E      45D       0
                text0                              13E4     13E4       B8      45D       0
                cstackCOMRAM                          1        1       2E        1       1
                cstackBANK0                          60       60       15       60       1
                bssCOMRAM                            2F       2F       18        1       1
                cinit                              17FE     17FE       1A      45D       0
                nvCOMRAM                             47       47        2        1       1

TOTAL           Name                               Link     Load   Length     Space
        CLASS   STACK          

        CLASS   CODE           
                intcodelo                            18       18       B6         0
                init                                 CE       CE        4         0
                reset_vec                             0        0        4         0
                text22                             1540     1540       70         0
                text20                             183E     183E       10         0
                text19                             1864     1864        8         0
                text18                             1602     1602       52         0
                text17                             1712     1712       3A         0
                text16                             16D4     16D4       3E         0
                text15                             174C     174C       2E         0
                text14                             15B0     15B0       52         0
                text13                             1654     1654       42         0
                text12                             177A     177A       26         0
                text11                             17E0     17E0       1E         0
                text10                              8BA      8BA      A12         0
                text9                              12CC     12CC      118         0
                text8                              17A0     17A0       22         0
                text7                              184E     184E        E         0
                text6                              1818     1818       16         0
                text5                              182E     182E       10         0
                text4                              185C     185C        8         0
                text3                              1696     1696       3E         0
                text2                              149C     149C       A4         0
                text1                              17C2     17C2       1E         0
                text0                              13E4     13E4       B8         0
                cinit                              17FE     17FE       1A         0

        CLASS   CONST          

        CLASS   SMALLCONST     
                smallconst                          800      800       BA         0

        CLASS   MEDIUMCONST    

        CLASS   COMRAM         
                temp                                 49       49        1         1
                cstackCOMRAM                          1        1       2E         1
                bssCOMRAM                            2F       2F       18         1
                nvCOMRAM                             47       47        2         1

        CLASS   ABS1           

        CLASS   BIGRAM         

        CLASS   RAM            

        CLASS   BANK0          
                cstackBANK0                          60       60       15         1

        CLASS   BANK1          

        CLASS   BANK2          

        CLASS   BANK3          

        CLASS   BANK4          

        CLASS   BANK5          

        CLASS   BANK6          

        CLASS   BANK7          

        CLASS   SFR            

        CLASS   FARRAM         

        CLASS   CONFIG         
                config                           300000   300000        E         0

        CLASS   IDLOC          
                idloc                            200000   200000        8         0

        CLASS   EEDATA         



SEGMENTS        Name                           Load    Length   Top    Selector   Space  Class

                reset_vec                      000000  000004  000004         0       0  CODE    
                cstackCOMRAM                   000001  000049  00004A         1       1  COMRAM  
                intcodelo                      000018  0000BA  0000D2         C       0  CODE    
                cstackBANK0                    000060  000015  000075        60       1  BANK0   
                smallconst                     000800  0000BA  0008BA       400       0  SMALLCON
                text10                         0008BA  000FB2  00186C       45D       0  CODE    
                idloc                          200000  000008  200008    200000       0  IDLOC   
                config                         300000  00000E  30000E    300000       0  CONFIG  


UNUSED ADDRESS RANGES

        Name                Unused          Largest block    Delta
        BANK0            000075-0000FF               8B
        BANK1            000100-0001FF              100
        BANK2            000200-0002FF              100
        BANK3            000300-0003FF              100
        BANK4            000400-0004FF              100
        BANK5            000500-0005FF              100
        BANK6            000600-0006FF              100
        BANK7            000700-0007FF              100
        BIGRAM           00004A-00005F               16
                         000075-0007FF              78B
        CODE             000004-000017               14
                         0000D2-0007FF              72E
                         00186C-007FFF             6794
        COMRAM           00004A-00005F               16
        CONST            000004-000017               14
                         0000D2-0007FF              72E
                         00186C-007FFF             6794
        EEDATA           F00000-F000FF              100
        MEDIUMCONST      00186C-007FFF             6794
        RAM              000075-0007FF              100
        SFR              000F60-000FFF               A0
        SMALLCONST       00186C-007FFF              100
        STACK            000075-0007FF              78B

                                  Symbol Table

?___lwdiv                cstackCOMRAM 000014
?___lwmod                cstackCOMRAM 00001B
?___wmul                 cstackCOMRAM 000014
?_sprintf                cstackCOMRAM 000020
AtualizaTela@flag_tela   cstackCOMRAM 00002E
Delay10KTCYx@unit        cstackCOMRAM 000015
Delay10TCYx@unit         cstackCOMRAM 000014
Delay1KTCYx@unit         cstackCOMRAM 000014
OpenXLCD@lcdtype         cstackCOMRAM 000019
SetDDRamAddr@DDaddr      cstackCOMRAM 000018
WriteCmdXLCD@cmd         cstackCOMRAM 000015
WriteDataXLCD@data       cstackCOMRAM 000015
_ADCON1                  (abs)        000FC1
_AlternaModo             text22       001540
_AtualizaTela            text9        0012CC
_BusyXLCD                text17       001712
_Delay10KTCYx            text6        001818
_Delay10TCYx             text20       00183E
_Delay1KTCYx             text5        00182E
_DelayFor18TCY           text19       001864
_DelayPORXLCD            text4        00185C
_INTCONbits              (abs)        000FF2
_LATBbits                (abs)        000F8A
_LATCbits                (abs)        000F8B
_OpenXLCD                text2        00149C
_PORTB                   (abs)        000F81
_PORTDbits               (abs)        000F83
_SetDDRamAddr            text18       001602
_T0CONbits               (abs)        000FD5
_TMR0                    (abs)        000FD6
_TMR0IF                  (abs)        007F92
_TRISB                   (abs)        000F93
_TRISBbits               (abs)        000F93
_TRISC                   (abs)        000F94
_TRISCbits               (abs)        000F94
_WriteCmdXLCD            text3        001696
_WriteDataXLCD           text16       0016D4
__CFG_PBADEN$OFF         (abs)        000000
__CFG_WDT$OFF            (abs)        000000
__HRAM                   (abs)        000000
__Habs1                  abs1         000000
__Hbank0                 bank0        000000
__Hbank1                 bank1        000000
__Hbank2                 bank2        000000
__Hbank3                 bank3        000000
__Hbank4                 bank4        000000
__Hbank5                 bank5        000000
__Hbank6                 bank6        000000
__Hbank7                 bank7        000000
__Hbigbss                bigbss       000000
__Hbigdata               bigdata      000000
__Hbigram                bigram       000000
__Hbss                   bss          000000
__HbssCOMRAM             bssCOMRAM    000000
__Hcinit                 cinit        000000
__Hclrtext               clrtext      000000
__Hcomram                comram       000000
__Hconfig                config       30000E
__Hconst                 const        000000
__HcstackBANK0           cstackBANK0  000000
__HcstackCOMRAM          cstackCOMRAM 000000
__Hdata                  data         000000
__Heeprom_data           eeprom_data  000000
__Hfarbss                farbss       000000
__Hfardata               fardata      000000
__Hibigdata              ibigdata     000000
__Hidata                 idata        000000
__Hidloc                 idloc        200008
__Hifardata              ifardata     000000
__Hinit                  init         0000D2
__Hintcode               intcode      000004
__Hintcode_body          intcode_body 000000
__Hintcodelo             intcodelo    0000CE
__Hintentry              intentry     000000
__Hintret                intret       000000
__Hintsave_regs          intsave_regs 000000
__Hirdata                irdata       000000
__Hmediumconst           mediumconst  000000
__HnvCOMRAM              nvCOMRAM     000000
__HnvFARRAM              nvFARRAM     000000
__Hnvbit                 nvbit        000000
__Hnvrram                nvrram       000000
__Hparam                 rparam       000000
__Hpowerup               powerup      0000CE
__Hram                   ram          000000
__Hramtop                ramtop       000800
__Hrbit                  rbit         000000
__Hrbss                  rbss         000000
__Hrdata                 rdata        000000
__Hreset_vec             reset_vec    000004
__Hrparam                rparam       000000
__Hsfr                   sfr          000000
__Hsmallconst            smallconst   0008BA
__Hspace_0               (abs)        30000E
__Hspace_1               (abs)        000075
__Hspace_2               (abs)        000000
__Hstack                 stack        000000
__Hstruct                struct       000000
__Htemp                  temp         00004A
__Htext                  text         000000
__Htext0                 text0        000000
__Htext1                 text1        000000
__Htext10                text10       000000
__Htext11                text11       000000
__Htext12                text12       000000
__Htext13                text13       000000
__Htext14                text14       000000
__Htext15                text15       000000
__Htext16                text16       000000
__Htext17                text17       000000
__Htext18                text18       000000
__Htext19                text19       000000
__Htext2                 text2        000000
__Htext20                text20       000000
__Htext22                text22       000000
__Htext3                 text3        000000
__Htext4                 text4        000000
__Htext5                 text5        000000
__Htext6                 text6        000000
__Htext7                 text7        000000
__Htext8                 text8        000000
__Htext9                 text9        000000
__LRAM                   (abs)        000001
__Labs1                  abs1         000000
__Lbank0                 bank0        000000
__Lbank1                 bank1        000000
__Lbank2                 bank2        000000
__Lbank3                 bank3        000000
__Lbank4                 bank4        000000
__Lbank5                 bank5        000000
__Lbank6                 bank6        000000
__Lbank7                 bank7        000000
__Lbigbss                bigbss       000000
__Lbigdata               bigdata      000000
__Lbigram                bigram       000000
__Lbss                   bss          000000
__LbssCOMRAM             bssCOMRAM    000000
__Lcinit                 cinit        000000
__Lclrtext               clrtext      000000
__Lcomram                comram       000000
__Lconfig                config       300000
__Lconst                 const        000000
__LcstackBANK0           cstackBANK0  000000
__LcstackCOMRAM          cstackCOMRAM 000000
__Ldata                  data         000000
__Leeprom_data           eeprom_data  000000
__Lfarbss                farbss       000000
__Lfardata               fardata      000000
__Libigdata              ibigdata     000000
__Lidata                 idata        000000
__Lidloc                 idloc        200000
__Lifardata              ifardata     000000
__Linit                  init         0000CE
__Lintcode               intcode      000004
__Lintcode_body          intcode_body 000000
__Lintcodelo             intcodelo    000018
__Lintentry              intentry     000000
__Lintret                intret       000000
__Lintsave_regs          intsave_regs 000000
__Lirdata                irdata       000000
__Lmediumconst           mediumconst  000000
__LnvCOMRAM              nvCOMRAM     000000
__LnvFARRAM              nvFARRAM     000000
__Lnvbit                 nvbit        000000
__Lnvrram                nvrram       000000
__Lparam                 rparam       000000
__Lpowerup               powerup      0000CE
__Lram                   ram          000000
__Lramtop                ramtop       000800
__Lrbit                  rbit         000000
__Lrbss                  rbss         000000
__Lrdata                 rdata        000000
__Lreset_vec             reset_vec    000000
__Lrparam                rparam       000000
__Lsfr                   sfr          000000
__Lsmallconst            smallconst   000800
__Lspace_0               (abs)        000000
__Lspace_1               (abs)        000000
__Lspace_2               (abs)        000000
__Lstack                 stack        000000
__Lstruct                struct       000000
__Ltemp                  temp         000049
__Ltext                  text         000000
__Ltext0                 text0        000000
__Ltext1                 text1        000000
__Ltext10                text10       000000
__Ltext11                text11       000000
__Ltext12                text12       000000
__Ltext13                text13       000000
__Ltext14                text14       000000
__Ltext15                text15       000000
__Ltext16                text16       000000
__Ltext17                text17       000000
__Ltext18                text18       000000
__Ltext19                text19       000000
__Ltext2                 text2        000000
__Ltext20                text20       000000
__Ltext22                text22       000000
__Ltext3                 text3        000000
__Ltext4                 text4        000000
__Ltext5                 text5        000000
__Ltext6                 text6        000000
__Ltext7                 text7        000000
__Ltext8                 text8        000000
__Ltext9                 text9        000000
__S0                     (abs)        30000E
__S1                     (abs)        000075
__S2                     (abs)        000000
___inthi_sp              stack        000000
___intlo_sp              stack        000000
___lwdiv                 text14       0015B0
___lwdiv@counter         cstackCOMRAM 000018
___lwdiv@dividend        cstackCOMRAM 000014
___lwdiv@divisor         cstackCOMRAM 000016
___lwdiv@quotient        cstackCOMRAM 000019
___lwmod                 text13       001654
___lwmod@counter         cstackCOMRAM 00001F
___lwmod@dividend        cstackCOMRAM 00001B
___lwmod@divisor         cstackCOMRAM 00001D
___param_bank            (abs)        000000
___rparam_used           (abs)        000001
___sp                    stack        000000
___wmul                  text12       00177A
___wmul@multiplicand     cstackCOMRAM 000016
___wmul@multiplier       cstackCOMRAM 000014
___wmul@product          cstackCOMRAM 000018
__accesstop              (abs)        000060
__activetblptr           (abs)        000002
__end_of_AlternaModo     text22       0015B0
__end_of_AtualizaTela    text9        0013E4
__end_of_BusyXLCD        text17       00174C
__end_of_Delay10KTCYx    text6        00182E
__end_of_Delay10TCYx     text20       00184E
__end_of_Delay1KTCYx     text5        00183E
__end_of_DelayFor18TCY   text19       00186C
__end_of_DelayPORXLCD    text4        001864
__end_of_OpenXLCD        text2        001540
__end_of_SetDDRamAddr    text18       001654
__end_of_WriteCmdXLCD    text3        0016D4
__end_of_WriteDataXLCD   text16       001712
__end_of___lwdiv         text14       001602
__end_of___lwmod         text13       001696
__end_of___wmul          text12       0017A0
__end_of__initialization cinit        00180A
__end_of_config_inicial  text8        0017C2
__end_of_dpowers         smallconst   000817
__end_of_hexpowers       smallconst   00081F
__end_of_init            text7        00185C
__end_of_init_XLCD       text1        0017E0
__end_of_isdigit         text11       0017FE
__end_of_main            text0        00149C
__end_of_octpowers       smallconst   00080D
__end_of_pic_ist         intcodelo    0000CE
__end_of_putrsXLCD       text15       00177A
__end_of_sprintf         text10       0012CC
__initialization         cinit        0017FE
__mediumconst            mediumconst  000000
__pbssCOMRAM             bssCOMRAM    00002F
__pcinit                 cinit        0017FE
__pcstackBANK0           cstackBANK0  000060
__pcstackCOMRAM          cstackCOMRAM 000001
__pintcodelo             intcodelo    000018
__pnvCOMRAM              nvCOMRAM     000047
__psmallconst            smallconst   000800
__ptext0                 text0        0013E4
__ptext1                 text1        0017C2
__ptext10                text10       0008BA
__ptext11                text11       0017E0
__ptext12                text12       00177A
__ptext13                text13       001654
__ptext14                text14       0015B0
__ptext15                text15       00174C
__ptext16                text16       0016D4
__ptext17                text17       001712
__ptext18                text18       001602
__ptext19                text19       001864
__ptext2                 text2        00149C
__ptext20                text20       00183E
__ptext22                text22       001540
__ptext3                 text3        001696
__ptext4                 text4        00185C
__ptext5                 text5        00182E
__ptext6                 text6        001818
__ptext7                 text7        00184E
__ptext8                 text8        0017A0
__ptext9                 text9        0012CC
__ramtop                 ramtop       000800
__size_of_AlternaModo    (abs)        000000
__size_of_AtualizaTela   (abs)        000000
__size_of_BusyXLCD       (abs)        000000
__size_of_Delay10KTCYx   (abs)        000000
__size_of_Delay10TCYx    (abs)        000000
__size_of_Delay1KTCYx    (abs)        000000
__size_of_DelayFor18TCY  (abs)        000000
__size_of_DelayPORXLCD   (abs)        000000
__size_of_OpenXLCD       (abs)        000000
__size_of_SetDDRamAddr   (abs)        000000
__size_of_WriteCmdXLCD   (abs)        000000
__size_of_WriteDataXLCD  (abs)        000000
__size_of___lwdiv        (abs)        000000
__size_of___lwmod        (abs)        000000
__size_of___wmul         (abs)        000000
__size_of_config_inicial (abs)        000000
__size_of_init           (abs)        000000
__size_of_init_XLCD      (abs)        000000
__size_of_isdigit        (abs)        000000
__size_of_main           (abs)        000000
__size_of_pic_ist        (abs)        000000
__size_of_putrsXLCD      (abs)        000000
__size_of_sprintf        (abs)        000000
__smallconst             smallconst   000800
_acertos                 bssCOMRAM    000036
_config_inicial          text8        0017A0
_cont                    bssCOMRAM    000033
_dpowers                 smallconst   00080D
_erros                   bssCOMRAM    000035
_estado                  nvCOMRAM     000047
_flag_tela               bssCOMRAM    000031
_hexpowers               smallconst   000817
_init                    text7        00184E
_init_XLCD               text1        0017C2
_isdigit                 text11       0017E0
_isdigit$940             cstackCOMRAM 000015
_main                    text0        0013E4
_octpowers               smallconst   000801
_pic_ist                 intcodelo    000018
_putrsXLCD               text15       00174C
_sprintf                 text10       0008BA
_sprintf$363             cstackBANK0  000061
_sprintf$364             cstackBANK0  000063
_sprintf$370             cstackBANK0  000065
_tela                    bssCOMRAM    000037
_temp                    bssCOMRAM    00002F
btemp                    temp         000049
end_of_initialization    cinit        00180A
int$flags                temp         000049
intlevel0                text         000000
intlevel1                text         000000
intlevel2                text         000000
intlevel3                text         000000
isdigit@c                cstackCOMRAM 000016
putrsXLCD@buffer         cstackCOMRAM 000016
sprintf@ap               cstackBANK0  00006B
sprintf@c                cstackBANK0  000072
sprintf@cp               cstackBANK0  000067
sprintf@f                cstackCOMRAM 000022
sprintf@flag             cstackBANK0  000073
sprintf@idx              cstackBANK0  000060
sprintf@len              cstackBANK0  000069
sprintf@prec             cstackBANK0  00006F
sprintf@sp               cstackCOMRAM 000020
sprintf@val              cstackBANK0  00006D
sprintf@width            cstackBANK0  000070
stackhi                  (abs)        0007FF
stacklo                  (abs)        000075
start                    init         0000CE
start_initialization     cinit        0017FE


FUNCTION INFORMATION:

 *************** function _main *****************
 Defined at:
		line 162 in file "mainzinha.c"
 Parameters:    Size  Location     Type
		None
 Auto vars:     Size  Location     Type
		None
 Return value:  Size  Location     Type
                  1    wreg      void 
 Registers used:
		wreg, fsr0l, fsr0h, fsr2l, fsr2h, status,2, status,0, tblptrl, tblptrh, tblptru, prodl, prodh, cstack
 Tracked objects:
		On entry : 
		On exit  : 
		Unchanged: 
 Data sizes:     COMRAM   BANK0   BANK1   BANK2   BANK3   BANK4   BANK5   BANK6   BANK7
      Params:         0       0       0       0       0       0       0       0       0
      Locals:         0       0       0       0       0       0       0       0       0
      Temps:          0       0       0       0       0       0       0       0       0
      Totals:         0       0       0       0       0       0       0       0       0
Total ram usage:        0 bytes
 Hardware stack levels required when called:    7
 This function calls:
		_AtualizaTela
		_Delay10KTCYx
		_config_inicial
		_init
		_init_XLCD
 This function is called by:
		Startup code after reset
 This function uses a non-reentrant model


 *************** function _init_XLCD *****************
 Defined at:
		line 49 in file "mainzinha.c"
 Parameters:    Size  Location     Type
		None
 Auto vars:     Size  Location     Type
		None
 Return value:  Size  Location     Type
                  1    wreg      void 
 Registers used:
		wreg, status,2, status,0, cstack
 Tracked objects:
		On entry : 
		On exit  : 
		Unchanged: 
 Data sizes:     COMRAM   BANK0   BANK1   BANK2   BANK3   BANK4   BANK5   BANK6   BANK7
      Params:         0       0       0       0       0       0       0       0       0
      Locals:         0       0       0       0       0       0       0       0       0
      Temps:          0       0       0       0       0       0       0       0       0
      Totals:         0       0       0       0       0       0       0       0       0
Total ram usage:        0 bytes
 Hardware stack levels used:    1
 Hardware stack levels required when called:    6
 This function calls:
		_BusyXLCD
		_OpenXLCD
		_WriteCmdXLCD
 This function is called by:
		_main
 This function uses a non-reentrant model


 *************** function _OpenXLCD *****************
 Defined at:
		line 19 in file "C:\Program Files (x86)\Microchip\xc8\v1.41\sources\pic18\plib\XLCD\openxlcd.c"
 Parameters:    Size  Location     Type
  lcdtype         1    wreg     unsigned char 
 Auto vars:     Size  Location     Type
  lcdtype         1   24[COMRAM] unsigned char 
 Return value:  Size  Location     Type
                  1    wreg      void 
 Registers used:
		wreg, status,2, status,0, cstack
 Tracked objects:
		On entry : 
		On exit  : 
		Unchanged: 
 Data sizes:     COMRAM   BANK0   BANK1   BANK2   BANK3   BANK4   BANK5   BANK6   BANK7
      Params:         0       0       0       0       0       0       0       0       0
      Locals:         1       0       0       0       0       0       0       0       0
      Temps:          0       0       0       0       0       0       0       0       0
      Totals:         1       0       0       0       0       0       0       0       0
Total ram usage:        1 bytes
 Hardware stack levels used:    1
 Hardware stack levels required when called:    5
 This function calls:
		_BusyXLCD
		_Delay10KTCYx
		_DelayPORXLCD
		_SetDDRamAddr
		_WriteCmdXLCD
 This function is called by:
		_init_XLCD
 This function uses a non-reentrant model


 *************** function _WriteCmdXLCD *****************
 Defined at:
		line 13 in file "C:\Program Files (x86)\Microchip\xc8\v1.41\sources\pic18\plib\XLCD\wcmdxlcd.c"
 Parameters:    Size  Location     Type
  cmd             1    wreg     unsigned char 
 Auto vars:     Size  Location     Type
  cmd             1   20[COMRAM] unsigned char 
 Return value:  Size  Location     Type
                  1    wreg      void 
 Registers used:
		wreg, status,2, status,0, cstack
 Tracked objects:
		On entry : 
		On exit  : 
		Unchanged: 
 Data sizes:     COMRAM   BANK0   BANK1   BANK2   BANK3   BANK4   BANK5   BANK6   BANK7
      Params:         0       0       0       0       0       0       0       0       0
      Locals:         1       0       0       0       0       0       0       0       0
      Temps:          0       0       0       0       0       0       0       0       0
      Totals:         1       0       0       0       0       0       0       0       0
Total ram usage:        1 bytes
 Hardware stack levels used:    1
 Hardware stack levels required when called:    4
 This function calls:
		_DelayFor18TCY
 This function is called by:
		_init_XLCD
		_OpenXLCD
 This function uses a non-reentrant model


 *************** function _DelayPORXLCD *****************
 Defined at:
		line 152 in file "mainzinha.c"
 Parameters:    Size  Location     Type
		None
 Auto vars:     Size  Location     Type
		None
 Return value:  Size  Location     Type
                  1    wreg      void 
 Registers used:
		wreg, cstack
 Tracked objects:
		On entry : 
		On exit  : 
		Unchanged: 
 Data sizes:     COMRAM   BANK0   BANK1   BANK2   BANK3   BANK4   BANK5   BANK6   BANK7
      Params:         0       0       0       0       0       0       0       0       0
      Locals:         0       0       0       0       0       0       0       0       0
      Temps:          0       0       0       0       0       0       0       0       0
      Totals:         0       0       0       0       0       0       0       0       0
Total ram usage:        0 bytes
 Hardware stack levels used:    1
 Hardware stack levels required when called:    3
 This function calls:
		_Delay1KTCYx
 This function is called by:
		_OpenXLCD
 This function uses a non-reentrant model


 *************** function _Delay1KTCYx *****************
 Defined at:
		line 8 in file "C:\Program Files (x86)\Microchip\xc8\v1.41\sources\pic18\d1ktcyx.c"
 Parameters:    Size  Location     Type
  unit            1    wreg     unsigned char 
 Auto vars:     Size  Location     Type
  unit            1   19[COMRAM] unsigned char 
 Return value:  Size  Location     Type
                  1    wreg      void 
 Registers used:
		wreg
 Tracked objects:
		On entry : 
		On exit  : 
		Unchanged: 
 Data sizes:     COMRAM   BANK0   BANK1   BANK2   BANK3   BANK4   BANK5   BANK6   BANK7
      Params:         0       0       0       0       0       0       0       0       0
      Locals:         1       0       0       0       0       0       0       0       0
      Temps:          0       0       0       0       0       0       0       0       0
      Totals:         1       0       0       0       0       0       0       0       0
Total ram usage:        1 bytes
 Hardware stack levels used:    1
 Hardware stack levels required when called:    2
 This function calls:
		Nothing
 This function is called by:
		_DelayPORXLCD
		_DelayXLCD
 This function uses a non-reentrant model


 *************** function _Delay10KTCYx *****************
 Defined at:
		line 8 in file "C:\Program Files (x86)\Microchip\xc8\v1.41\sources\pic18\d10ktcyx.c"
 Parameters:    Size  Location     Type
  unit            1    wreg     unsigned char 
 Auto vars:     Size  Location     Type
  unit            1   20[COMRAM] unsigned char 
 Return value:  Size  Location     Type
                  1    wreg      void 
 Registers used:
		wreg
 Tracked objects:
		On entry : 
		On exit  : 
		Unchanged: 
 Data sizes:     COMRAM   BANK0   BANK1   BANK2   BANK3   BANK4   BANK5   BANK6   BANK7
      Params:         0       0       0       0       0       0       0       0       0
      Locals:         1       0       0       0       0       0       0       0       0
      Temps:          1       0       0       0       0       0       0       0       0
      Totals:         2       0       0       0       0       0       0       0       0
Total ram usage:        2 bytes
 Hardware stack levels used:    1
 Hardware stack levels required when called:    2
 This function calls:
		Nothing
 This function is called by:
		_main
		_OpenXLCD
 This function uses a non-reentrant model


 *************** function _init *****************
 Defined at:
		line 40 in file "mainzinha.c"
 Parameters:    Size  Location     Type
		None
 Auto vars:     Size  Location     Type
		None
 Return value:  Size  Location     Type
                  1    wreg      void 
 Registers used:
		None
 Tracked objects:
		On entry : 
		On exit  : 
		Unchanged: 
 Data sizes:     COMRAM   BANK0   BANK1   BANK2   BANK3   BANK4   BANK5   BANK6   BANK7
      Params:         0       0       0       0       0       0       0       0       0
      Locals:         0       0       0       0       0       0       0       0       0
      Temps:          0       0       0       0       0       0       0       0       0
      Totals:         0       0       0       0       0       0       0       0       0
Total ram usage:        0 bytes
 Hardware stack levels used:    1
 Hardware stack levels required when called:    2
 This function calls:
		Nothing
 This function is called by:
		_main
 This function uses a non-reentrant model


 *************** function _config_inicial *****************
 Defined at:
		line 56 in file "mainzinha.c"
 Parameters:    Size  Location     Type
		None
 Auto vars:     Size  Location     Type
		None
 Return value:  Size  Location     Type
                  1    wreg      void 
 Registers used:
		wreg, status,2
 Tracked objects:
		On entry : 
		On exit  : 
		Unchanged: 
 Data sizes:     COMRAM   BANK0   BANK1   BANK2   BANK3   BANK4   BANK5   BANK6   BANK7
      Params:         0       0       0       0       0       0       0       0       0
      Locals:         0       0       0       0       0       0       0       0       0
      Temps:          0       0       0       0       0       0       0       0       0
      Totals:         0       0       0       0       0       0       0       0       0
Total ram usage:        0 bytes
 Hardware stack levels used:    1
 Hardware stack levels required when called:    2
 This function calls:
		Nothing
 This function is called by:
		_main
 This function uses a non-reentrant model


 *************** function _AtualizaTela *****************
 Defined at:
		line 117 in file "mainzinha.c"
 Parameters:    Size  Location     Type
  flag_tela       1    wreg     unsigned char 
 Auto vars:     Size  Location     Type
  flag_tela       1   45[COMRAM] unsigned char 
 Return value:  Size  Location     Type
                  1    wreg      void 
 Registers used:
		wreg, fsr0l, fsr0h, fsr2l, fsr2h, status,2, status,0, tblptrl, tblptrh, tblptru, prodl, prodh, cstack
 Tracked objects:
		On entry : 
		On exit  : 
		Unchanged: 
 Data sizes:     COMRAM   BANK0   BANK1   BANK2   BANK3   BANK4   BANK5   BANK6   BANK7
      Params:         0       0       0       0       0       0       0       0       0
      Locals:         1       0       0       0       0       0       0       0       0
      Temps:          0       0       0       0       0       0       0       0       0
      Totals:         1       0       0       0       0       0       0       0       0
Total ram usage:        1 bytes
 Hardware stack levels used:    1
 Hardware stack levels required when called:    6
 This function calls:
		_SetDDRamAddr
		_putrsXLCD
		_sprintf
 This function is called by:
		_main
 This function uses a non-reentrant model


 *************** function _sprintf *****************
 Defined at:
		line 492 in file "C:\Program Files (x86)\Microchip\xc8\v1.41\sources\common\doprnt.c"
 Parameters:    Size  Location     Type
  sp              2   31[COMRAM] PTR unsigned char 
		 -> tela(16), 
  f               2   33[COMRAM] PTR const unsigned char 
		 -> STR_6(11), STR_5(18), STR_4(18), STR_3(18), 
		 -> STR_2(18), STR_1(17), 
 Auto vars:     Size  Location     Type
  idx             1    0[BANK0 ] unsigned char 
  tmpval          4    0        struct .
  flag            2   19[BANK0 ] unsigned short 
  width           2   16[BANK0 ] int 
  val             2   13[BANK0 ] unsigned int 
  ap              2   11[BANK0 ] PTR void [1]
		 -> ?_sprintf(2), 
  len             2    9[BANK0 ] unsigned int 
  cp              2    7[BANK0 ] PTR const unsigned char 
		 -> STR_8(7), sprintf@c(1), STR_7(12), 
  c               1   18[BANK0 ] char 
  prec            1   15[BANK0 ] char 
 Return value:  Size  Location     Type
                  2   31[COMRAM] int 
 Registers used:
		wreg, fsr0l, fsr0h, fsr2l, fsr2h, status,2, status,0, tblptrl, tblptrh, tblptru, prodl, prodh, cstack
 Tracked objects:
		On entry : 
		On exit  : 
		Unchanged: 
 Data sizes:     COMRAM   BANK0   BANK1   BANK2   BANK3   BANK4   BANK5   BANK6   BANK7
      Params:        10       0       0       0       0       0       0       0       0
      Locals:         0      21       0       0       0       0       0       0       0
      Temps:          4       0       0       0       0       0       0       0       0
      Totals:        14      21       0       0       0       0       0       0       0
Total ram usage:       35 bytes
 Hardware stack levels used:    1
 Hardware stack levels required when called:    3
 This function calls:
		___lwdiv
		___lwmod
		___wmul
		_isdigit
 This function is called by:
		_AtualizaTela
 This function uses a non-reentrant model


 *************** function _isdigit *****************
 Defined at:
		line 8 in file "C:\Program Files (x86)\Microchip\xc8\v1.41\sources\common\isdigit.c"
 Parameters:    Size  Location     Type
  c               1    wreg     unsigned char 
 Auto vars:     Size  Location     Type
  c               1   21[COMRAM] unsigned char 
 Return value:  Size  Location     Type
		None               void
 Registers used:
		wreg, status,2, status,0
 Tracked objects:
		On entry : 
		On exit  : 
		Unchanged: 
 Data sizes:     COMRAM   BANK0   BANK1   BANK2   BANK3   BANK4   BANK5   BANK6   BANK7
      Params:         0       0       0       0       0       0       0       0       0
      Locals:         2       0       0       0       0       0       0       0       0
      Temps:          1       0       0       0       0       0       0       0       0
      Totals:         3       0       0       0       0       0       0       0       0
Total ram usage:        3 bytes
 Hardware stack levels used:    1
 Hardware stack levels required when called:    2
 This function calls:
		Nothing
 This function is called by:
		_sprintf
 This function uses a non-reentrant model


 *************** function ___wmul *****************
 Defined at:
		line 15 in file "C:\Program Files (x86)\Microchip\xc8\v1.41\sources\common\Umul16.c"
 Parameters:    Size  Location     Type
  multiplier      2   19[COMRAM] unsigned int 
  multiplicand    2   21[COMRAM] unsigned int 
 Auto vars:     Size  Location     Type
  product         2   23[COMRAM] unsigned int 
 Return value:  Size  Location     Type
                  2   19[COMRAM] unsigned int 
 Registers used:
		wreg, status,2, status,0, prodl, prodh
 Tracked objects:
		On entry : 
		On exit  : 
		Unchanged: 
 Data sizes:     COMRAM   BANK0   BANK1   BANK2   BANK3   BANK4   BANK5   BANK6   BANK7
      Params:         4       0       0       0       0       0       0       0       0
      Locals:         2       0       0       0       0       0       0       0       0
      Temps:          0       0       0       0       0       0       0       0       0
      Totals:         6       0       0       0       0       0       0       0       0
Total ram usage:        6 bytes
 Hardware stack levels used:    1
 Hardware stack levels required when called:    2
 This function calls:
		Nothing
 This function is called by:
		_sprintf
 This function uses a non-reentrant model


 *************** function ___lwmod *****************
 Defined at:
		line 8 in file "C:\Program Files (x86)\Microchip\xc8\v1.41\sources\common\lwmod.c"
 Parameters:    Size  Location     Type
  dividend        2   26[COMRAM] unsigned int 
  divisor         2   28[COMRAM] unsigned int 
 Auto vars:     Size  Location     Type
  counter         1   30[COMRAM] unsigned char 
 Return value:  Size  Location     Type
                  2   26[COMRAM] unsigned int 
 Registers used:
		wreg, status,2, status,0
 Tracked objects:
		On entry : 
		On exit  : 
		Unchanged: 
 Data sizes:     COMRAM   BANK0   BANK1   BANK2   BANK3   BANK4   BANK5   BANK6   BANK7
      Params:         4       0       0       0       0       0       0       0       0
      Locals:         1       0       0       0       0       0       0       0       0
      Temps:          0       0       0       0       0       0       0       0       0
      Totals:         5       0       0       0       0       0       0       0       0
Total ram usage:        5 bytes
 Hardware stack levels used:    1
 Hardware stack levels required when called:    2
 This function calls:
		Nothing
 This function is called by:
		_sprintf
 This function uses a non-reentrant model


 *************** function ___lwdiv *****************
 Defined at:
		line 8 in file "C:\Program Files (x86)\Microchip\xc8\v1.41\sources\common\lwdiv.c"
 Parameters:    Size  Location     Type
  dividend        2   19[COMRAM] unsigned int 
  divisor         2   21[COMRAM] unsigned int 
 Auto vars:     Size  Location     Type
  quotient        2   24[COMRAM] unsigned int 
  counter         1   23[COMRAM] unsigned char 
 Return value:  Size  Location     Type
                  2   19[COMRAM] unsigned int 
 Registers used:
		wreg, status,2, status,0
 Tracked objects:
		On entry : 
		On exit  : 
		Unchanged: 
 Data sizes:     COMRAM   BANK0   BANK1   BANK2   BANK3   BANK4   BANK5   BANK6   BANK7
      Params:         4       0       0       0       0       0       0       0       0
      Locals:         3       0       0       0       0       0       0       0       0
      Temps:          0       0       0       0       0       0       0       0       0
      Totals:         7       0       0       0       0       0       0       0       0
Total ram usage:        7 bytes
 Hardware stack levels used:    1
 Hardware stack levels required when called:    2
 This function calls:
		Nothing
 This function is called by:
		_sprintf
 This function uses a non-reentrant model


 *************** function _putrsXLCD *****************
 Defined at:
		line 16 in file "C:\Program Files (x86)\Microchip\xc8\v1.41\sources\pic18\plib\XLCD\putrxlcd.c"
 Parameters:    Size  Location     Type
  buffer          2   21[COMRAM] PTR const unsigned char 
		 -> tela(16), 
 Auto vars:     Size  Location     Type
		None
 Return value:  Size  Location     Type
                  1    wreg      void 
 Registers used:
		wreg, fsr2l, fsr2h, status,2, status,0, cstack
 Tracked objects:
		On entry : 
		On exit  : 
		Unchanged: 
 Data sizes:     COMRAM   BANK0   BANK1   BANK2   BANK3   BANK4   BANK5   BANK6   BANK7
      Params:         2       0       0       0       0       0       0       0       0
      Locals:         0       0       0       0       0       0       0       0       0
      Temps:          0       0       0       0       0       0       0       0       0
      Totals:         2       0       0       0       0       0       0       0       0
Total ram usage:        2 bytes
 Hardware stack levels used:    1
 Hardware stack levels required when called:    5
 This function calls:
		_BusyXLCD
		_WriteDataXLCD
 This function is called by:
		_AtualizaTela
 This function uses a non-reentrant model


 *************** function _WriteDataXLCD *****************
 Defined at:
		line 16 in file "C:\Program Files (x86)\Microchip\xc8\v1.41\sources\pic18\plib\XLCD\writdata.c"
 Parameters:    Size  Location     Type
  data            1    wreg     unsigned char 
 Auto vars:     Size  Location     Type
  data            1   20[COMRAM] unsigned char 
 Return value:  Size  Location     Type
                  1    wreg      void 
 Registers used:
		wreg, status,2, status,0, cstack
 Tracked objects:
		On entry : 
		On exit  : 
		Unchanged: 
 Data sizes:     COMRAM   BANK0   BANK1   BANK2   BANK3   BANK4   BANK5   BANK6   BANK7
      Params:         0       0       0       0       0       0       0       0       0
      Locals:         1       0       0       0       0       0       0       0       0
      Temps:          0       0       0       0       0       0       0       0       0
      Totals:         1       0       0       0       0       0       0       0       0
Total ram usage:        1 bytes
 Hardware stack levels used:    1
 Hardware stack levels required when called:    4
 This function calls:
		_DelayFor18TCY
 This function is called by:
		_putrsXLCD
 This function uses a non-reentrant model


 *************** function _BusyXLCD *****************
 Defined at:
		line 11 in file "C:\Program Files (x86)\Microchip\xc8\v1.41\sources\pic18\plib\XLCD\busyxlcd.c"
 Parameters:    Size  Location     Type
		None
 Auto vars:     Size  Location     Type
		None
 Return value:  Size  Location     Type
                  1    wreg      unsigned char 
 Registers used:
		wreg, cstack
 Tracked objects:
		On entry : 
		On exit  : 
		Unchanged: 
 Data sizes:     COMRAM   BANK0   BANK1   BANK2   BANK3   BANK4   BANK5   BANK6   BANK7
      Params:         0       0       0       0       0       0       0       0       0
      Locals:         0       0       0       0       0       0       0       0       0
      Temps:          0       0       0       0       0       0       0       0       0
      Totals:         0       0       0       0       0       0       0       0       0
Total ram usage:        0 bytes
 Hardware stack levels used:    1
 Hardware stack levels required when called:    4
 This function calls:
		_DelayFor18TCY
 This function is called by:
		_init_XLCD
		_OpenXLCD
		_putrsXLCD
 This function uses a non-reentrant model


 *************** function _SetDDRamAddr *****************
 Defined at:
		line 13 in file "C:\Program Files (x86)\Microchip\xc8\v1.41\sources\pic18\plib\XLCD\setddram.c"
 Parameters:    Size  Location     Type
  DDaddr          1    wreg     unsigned char 
 Auto vars:     Size  Location     Type
  DDaddr          1   23[COMRAM] unsigned char 
 Return value:  Size  Location     Type
                  1    wreg      void 
 Registers used:
		wreg, status,2, status,0, cstack
 Tracked objects:
		On entry : 
		On exit  : 
		Unchanged: 
 Data sizes:     COMRAM   BANK0   BANK1   BANK2   BANK3   BANK4   BANK5   BANK6   BANK7
      Params:         0       0       0       0       0       0       0       0       0
      Locals:         1       0       0       0       0       0       0       0       0
      Temps:          3       0       0       0       0       0       0       0       0
      Totals:         4       0       0       0       0       0       0       0       0
Total ram usage:        4 bytes
 Hardware stack levels used:    1
 Hardware stack levels required when called:    4
 This function calls:
		_DelayFor18TCY
 This function is called by:
		_AtualizaTela
		_OpenXLCD
 This function uses a non-reentrant model


 *************** function _DelayFor18TCY *****************
 Defined at:
		line 148 in file "mainzinha.c"
 Parameters:    Size  Location     Type
		None
 Auto vars:     Size  Location     Type
		None
 Return value:  Size  Location     Type
                  1    wreg      void 
 Registers used:
		wreg, cstack
 Tracked objects:
		On entry : 
		On exit  : 
		Unchanged: 
 Data sizes:     COMRAM   BANK0   BANK1   BANK2   BANK3   BANK4   BANK5   BANK6   BANK7
      Params:         0       0       0       0       0       0       0       0       0
      Locals:         0       0       0       0       0       0       0       0       0
      Temps:          0       0       0       0       0       0       0       0       0
      Totals:         0       0       0       0       0       0       0       0       0
Total ram usage:        0 bytes
 Hardware stack levels used:    1
 Hardware stack levels required when called:    3
 This function calls:
		_Delay10TCYx
 This function is called by:
		_BusyXLCD
		_SetDDRamAddr
		_WriteCmdXLCD
		_WriteDataXLCD
 This function uses a non-reentrant model


 *************** function _Delay10TCYx *****************
 Defined at:
		line 8 in file "C:\Program Files (x86)\Microchip\xc8\v1.41\sources\pic18\d10tcyx.c"
 Parameters:    Size  Location     Type
  unit            1    wreg     unsigned char 
 Auto vars:     Size  Location     Type
  unit            1   19[COMRAM] unsigned char 
 Return value:  Size  Location     Type
                  1    wreg      void 
 Registers used:
		wreg
 Tracked objects:
		On entry : 
		On exit  : 
		Unchanged: 
 Data sizes:     COMRAM   BANK0   BANK1   BANK2   BANK3   BANK4   BANK5   BANK6   BANK7
      Params:         0       0       0       0       0       0       0       0       0
      Locals:         1       0       0       0       0       0       0       0       0
      Temps:          0       0       0       0       0       0       0       0       0
      Totals:         1       0       0       0       0       0       0       0       0
Total ram usage:        1 bytes
 Hardware stack levels used:    1
 Hardware stack levels required when called:    2
 This function calls:
		Nothing
 This function is called by:
		_DelayFor18TCY
 This function uses a non-reentrant model


 *************** function _pic_ist *****************
 Defined at:
		line 104 in file "mainzinha.c"
 Parameters:    Size  Location     Type
		None
 Auto vars:     Size  Location     Type
		None
 Return value:  Size  Location     Type
                  1    wreg      void 
 Registers used:
		wreg, status,2, status,0, cstack
 Tracked objects:
		On entry : 
		On exit  : 
		Unchanged: 
 Data sizes:     COMRAM   BANK0   BANK1   BANK2   BANK3   BANK4   BANK5   BANK6   BANK7
      Params:         0       0       0       0       0       0       0       0       0
      Locals:         0       0       0       0       0       0       0       0       0
      Temps:         17       0       0       0       0       0       0       0       0
      Totals:        17       0       0       0       0       0       0       0       0
Total ram usage:       17 bytes
 Hardware stack levels used:    1
 Hardware stack levels required when called:    1
 This function calls:
		_AlternaModo
 This function is called by:
		Interrupt level 1
 This function uses a non-reentrant model


 *************** function _AlternaModo *****************
 Defined at:
		line 78 in file "mainzinha.c"
 Parameters:    Size  Location     Type
		None
 Auto vars:     Size  Location     Type
		None
 Return value:  Size  Location     Type
                  1    wreg      void 
 Registers used:
		wreg, status,2, status,0
 Tracked objects:
		On entry : 
		On exit  : 
		Unchanged: 
 Data sizes:     COMRAM   BANK0   BANK1   BANK2   BANK3   BANK4   BANK5   BANK6   BANK7
      Params:         0       0       0       0       0       0       0       0       0
      Locals:         0       0       0       0       0       0       0       0       0
      Temps:          2       0       0       0       0       0       0       0       0
      Totals:         2       0       0       0       0       0       0       0       0
Total ram usage:        2 bytes
 Hardware stack levels used:    1
 This function calls:
		Nothing
 This function is called by:
		_pic_ist
 This function uses a non-reentrant model



MODULE INFORMATION

Module		Function		Class		Link	Load	Size
C:\Program Files (x86)\Microchip\xc8\v1.41\sources\common\lwdiv.c
		___lwdiv       		CODE           	15B0	0000	83

C:\Program Files (x86)\Microchip\xc8\v1.41\sources\common\lwdiv.c estimated size: 83

C:\Program Files (x86)\Microchip\xc8\v1.41\sources\pic18\d10tcyx.c
		_Delay10TCYx   		CODE           	183E	0000	17

C:\Program Files (x86)\Microchip\xc8\v1.41\sources\pic18\d10tcyx.c estimated size: 17

C:\Program Files (x86)\Microchip\xc8\v1.41\sources\common\doprnt.c
		_sprintf       		CODE           	08BA	0000	2579

C:\Program Files (x86)\Microchip\xc8\v1.41\sources\common\doprnt.c estimated size: 2579

C:\Program Files (x86)\Microchip\xc8\v1.41\sources\pic18\plib\XLCD\openxlcd.c
		_OpenXLCD      		CODE           	149C	0000	165

C:\Program Files (x86)\Microchip\xc8\v1.41\sources\pic18\plib\XLCD\openxlcd.c estimated size: 165

C:\Program Files (x86)\Microchip\xc8\v1.41\sources\pic18\plib\XLCD\wcmdxlcd.c
		_WriteCmdXLCD  		CODE           	1696	0000	63

C:\Program Files (x86)\Microchip\xc8\v1.41\sources\pic18\plib\XLCD\wcmdxlcd.c estimated size: 63

C:\Program Files (x86)\Microchip\xc8\v1.41\sources\pic18\plib\XLCD\busyxlcd.c
		_BusyXLCD      		CODE           	1712	0000	59

C:\Program Files (x86)\Microchip\xc8\v1.41\sources\pic18\plib\XLCD\busyxlcd.c estimated size: 59

C:\Program Files (x86)\Microchip\xc8\v1.41\sources\common\Umul16.c
		___wmul        		CODE           	177A	0000	39

C:\Program Files (x86)\Microchip\xc8\v1.41\sources\common\Umul16.c estimated size: 39

C:\Program Files (x86)\Microchip\xc8\v1.41\sources\common\isdigit.c
		_isdigit       		CODE           	17E0	0000	31

C:\Program Files (x86)\Microchip\xc8\v1.41\sources\common\isdigit.c estimated size: 31

C:\Program Files (x86)\Microchip\xc8\v1.41\sources\pic18\d1ktcyx.c
		_Delay1KTCYx   		CODE           	182E	0000	17

C:\Program Files (x86)\Microchip\xc8\v1.41\sources\pic18\d1ktcyx.c estimated size: 17

mainzinha.c
		_init          		CODE           	184E	0000	15
		_config_inicial		CODE           	17A0	0000	35
		_main          		CODE           	13E4	0000	185
		_DelayFor18TCY 		CODE           	1864	0000	9
		_AtualizaTela  		CODE           	12CC	0000	281
		_pic_ist       		CODE           	0018	0000	183
		_DelayPORXLCD  		CODE           	185C	0000	9
		_init_XLCD     		CODE           	17C2	0000	31
		_AlternaModo   		CODE           	1540	0000	113

mainzinha.c estimated size: 861

shared
		_dpowers       		SMALLCONST     	080D	0000	11
		__initialization		CODE           	17FE	0000	13
		_octpowers     		SMALLCONST     	0801	0000	13
		_hexpowers     		SMALLCONST     	0817	0000	9

shared estimated size: 46

C:\Program Files (x86)\Microchip\xc8\v1.41\sources\common\lwmod.c
		___lwmod       		CODE           	1654	0000	67

C:\Program Files (x86)\Microchip\xc8\v1.41\sources\common\lwmod.c estimated size: 67

C:\Program Files (x86)\Microchip\xc8\v1.41\sources\pic18\plib\XLCD\writdata.c
		_WriteDataXLCD 		CODE           	16D4	0000	63

C:\Program Files (x86)\Microchip\xc8\v1.41\sources\pic18\plib\XLCD\writdata.c estimated size: 63

C:\Program Files (x86)\Microchip\xc8\v1.41\sources\pic18\plib\XLCD\setddram.c
		_SetDDRamAddr  		CODE           	1602	0000	83

C:\Program Files (x86)\Microchip\xc8\v1.41\sources\pic18\plib\XLCD\setddram.c estimated size: 83

C:\Program Files (x86)\Microchip\xc8\v1.41\sources\pic18\d10ktcyx.c
		_Delay10KTCYx  		CODE           	1818	0000	23

C:\Program Files (x86)\Microchip\xc8\v1.41\sources\pic18\d10ktcyx.c estimated size: 23

C:\Program Files (x86)\Microchip\xc8\v1.41\sources\pic18\plib\XLCD\putrxlcd.c
		_putrsXLCD     		CODE           	174C	0000	47

C:\Program Files (x86)\Microchip\xc8\v1.41\sources\pic18\plib\XLCD\putrxlcd.c estimated size: 47

